../Drivers/API/src/API_LCD.c:12:6:LCD_Config	8	static
../Drivers/API/src/API_LCD.c:35:6:LCD_Init	8	static
../Drivers/API/src/API_LCD.c:202:6:LCD_Fill_Screen	16	static
../Drivers/API/src/API_LCD.c:209:6:LCD_Set_Address	24	static
../Drivers/API/src/API_LCD.c:227:6:LCD_Draw_Colour_Burst	80	dynamic
../Drivers/API/src/API_LCD.c:271:6:LCD_Set_Rotation	24	static
../Drivers/API/src/API_LCD.c:307:6:LCD_Draw_Hollow_Circle	48	static
../Drivers/API/src/API_LCD.c:342:6:LCD_Draw_Filled_Circle	56	static
../Drivers/API/src/API_LCD.c:378:6:LCD_Draw_Hollow_Rectangle_Coord	40	static
../Drivers/API/src/API_LCD.c:414:6:LCD_Draw_Filled_Rectangle_Coord	48	static
../Drivers/API/src/API_LCD.c:463:6:LCD_Draw_Char	48	static
../Drivers/API/src/API_LCD.c:496:6:LCD_Draw_Text	40	static
../Drivers/API/src/API_LCD.c:505:6:LCD_Draw_Rectangle	24	static
../Drivers/API/src/API_LCD.c:524:6:LCD_Draw_Horizontal_Line	24	static
../Drivers/API/src/API_LCD.c:537:6:LCD_Draw_Vertical_Line	24	static
../Drivers/API/src/API_LCD.c:550:6:LCD_Draw_Pixel	24	static
../Drivers/API/src/API_LCD.c:594:6:LCD_Write_Command	16	static
../Drivers/API/src/API_LCD.c:603:6:LCD_Write_Data	16	static
../Drivers/API/src/API_LCD.c:612:6:LCD_SPI_Send	16	static
